// Jest Snapshot v1, https://goo.gl/fbAQLP

exports[`Pruebas en <GifGridItem/> debe de hacer match con el snapshot 1`] = `
<div>
  <div
    class="card"
  >
    <img
      alt="saitam"
      src="https://jopta.com"
    />
    <p>
      saitam
       
    </p>
  </div>
</div>
`;
